BL51 BANKED LINKER/LOCATER V6.15                                                        01/05/2011  01:35:38  PAGE 1


BL51 BANKED LINKER/LOCATER V6.15, INVOKED BY:
C:\KEIL\C51\BIN\BL51.EXE main.obj TO ³¬Éù²¨²â¾à CODE (0X0000-0X0FFF)


MEMORY MODEL: SMALL WITH FLOATING POINT ARITHMETIC


INPUT MODULES INCLUDED:
  main.obj (MAIN)
  C:\KEIL\C51\LIB\C51FPS.LIB (?C?FPMUL)
  C:\KEIL\C51\LIB\C51FPS.LIB (?C?FPDIV)
  C:\KEIL\C51\LIB\C51FPS.LIB (?C?FCAST)
  C:\KEIL\C51\LIB\C51FPS.LIB (?C?CASTF)
  C:\KEIL\C51\LIB\C51FPS.LIB (?C?FPGETOPN)
  C:\KEIL\C51\LIB\C51S.LIB (?C_STARTUP)
  C:\KEIL\C51\LIB\C51S.LIB (?C?COPY)
  C:\KEIL\C51\LIB\C51S.LIB (?C?SIDIV)
  C:\KEIL\C51\LIB\C51S.LIB (?C?LNEG)
  C:\KEIL\C51\LIB\C51S.LIB (?C?SLCMP)
  C:\KEIL\C51\LIB\C51S.LIB (?C_INIT)
  C:\KEIL\C51\LIB\C51S.LIB (?C?UIDIV)


LINK MAP OF MODULE:  ³¬Éù²¨²â¾à (MAIN)


            TYPE    BASE      LENGTH    RELOCATION   SEGMENT NAME
            -----------------------------------------------------

            * * * * * * *   D A T A   M E M O R Y   * * * * * * *
            REG     0000H     0008H     ABSOLUTE     "REG BANK 0"
            DATA    0008H     0012H     UNIT         _DATA_GROUP_
            DATA    001AH     0006H     UNIT         ?DT?_DISPLAYCHARDATA?MAIN
            DATA    0020H     0005H     UNIT         ?DT?MAIN
            IDATA   0025H     0001H     UNIT         ?STACK

            * * * * * * *   C O D E   M E M O R Y   * * * * * * *
            CODE    0000H     0003H     ABSOLUTE     
            CODE    0003H     000DH     UNIT         ?PR?INIT?MAIN
                    0010H     0003H                  *** GAP ***
            CODE    0013H     0003H     ABSOLUTE     
            CODE    0016H     040AH     UNIT         ?C?LIB_CODE
            CODE    0420H     00F8H     UNIT         ?PR?_DISPLAYINTDATA?MAIN
            CODE    0518H     008FH     UNIT         ?PR?TRAN?MAIN
            CODE    05A7H     008CH     UNIT         ?C_C51STARTUP
            CODE    0633H     0072H     UNIT         ?PR?TT?MAIN
            CODE    06A5H     004FH     UNIT         ?PR?LCMINIT?MAIN
            CODE    06F4H     0044H     UNIT         ?PR?_DISPLAYCHARDATA?MAIN
            CODE    0738H     0043H     UNIT         ?PR?MAIN?MAIN
            CODE    077BH     003BH     UNIT         ?PR?_DISPLAYLISTCHAR?MAIN
            CODE    07B6H     0025H     UNIT         ?PR?_DELAYMS?MAIN
            CODE    07DBH     0020H     UNIT         ?PR?_DISPLAYONECHAR?MAIN
            CODE    07FBH     001BH     UNIT         ?PR?_WRITECOMMANDLCM?MAIN
            CODE    0816H     001AH     UNIT         ?PR?_DISPLAYCURSORPOS?MAIN
            CODE    0830H     0016H     UNIT         ?PR?_DELAY_NMS?MAIN
            CODE    0846H     0015H     UNIT         ?PR?READSTATUSLCM?MAIN
            CODE    085BH     0015H     UNIT         ?CO?MAIN
            CODE    0870H     0013H     UNIT         ?PR?_WRITEDATALCM?MAIN
BL51 BANKED LINKER/LOCATER V6.15                                                      01/05/2011  01:35:38  PAGE 2


            CODE    0883H     000DH     UNIT         ?PR?READDATALCM?MAIN
            CODE    0890H     000BH     UNIT         ?PR?_DELAYUS?MAIN
            CODE    089BH     0005H     UNIT         ?PR?DELAY100US?MAIN
            CODE    08A0H     0004H     UNIT         ?C_INITSEG



OVERLAY MAP OF MODULE:   ³¬Éù²¨²â¾à (MAIN)


SEGMENT                              DATA_GROUP 
  +--> CALLED SEGMENT              START    LENGTH
--------------------------------------------------
?C_C51STARTUP                      -----    -----
  +--> ?PR?MAIN?MAIN
  +--> ?C_INITSEG

?PR?MAIN?MAIN                      0008H    0003H
  +--> ?PR?INIT?MAIN
  +--> ?PR?LCMINIT?MAIN
  +--> ?PR?_DISPLAYONECHAR?MAIN
  +--> ?CO?MAIN
  +--> ?PR?_DISPLAYLISTCHAR?MAIN
  +--> ?PR?TRAN?MAIN
  +--> ?PR?_DISPLAYINTDATA?MAIN

?PR?LCMINIT?MAIN                   -----    -----
  +--> ?PR?_WRITECOMMANDLCM?MAIN
  +--> ?PR?_DELAYMS?MAIN

?PR?_WRITECOMMANDLCM?MAIN          0019H    0001H
  +--> ?PR?READSTATUSLCM?MAIN

?PR?_DISPLAYONECHAR?MAIN           0018H    0001H
  +--> ?PR?_WRITECOMMANDLCM?MAIN
  +--> ?PR?_WRITEDATALCM?MAIN

?PR?_WRITEDATALCM?MAIN             0019H    0001H
  +--> ?PR?READSTATUSLCM?MAIN

?PR?_DISPLAYLISTCHAR?MAIN          000BH    0006H
  +--> ?PR?_DISPLAYONECHAR?MAIN
  +--> ?PR?_DELAYMS?MAIN

?PR?TRAN?MAIN                      000BH    0004H
  +--> ?PR?_DELAY_NMS?MAIN

?PR?_DISPLAYINTDATA?MAIN           000BH    000DH
  +--> ?CO?MAIN
  +--> ?PR?_DISPLAYONECHAR?MAIN



SYMBOL TABLE OF MODULE:  ³¬Éù²¨²â¾à (MAIN)

  VALUE           TYPE          NAME
  ----------------------------------
BL51 BANKED LINKER/LOCATER V6.15                                                      01/05/2011  01:35:38  PAGE 3



  -------         MODULE        MAIN
  C:0000H         SYMBOL        _ICE_DUMMY_
  C:07DBH         PUBLIC        _DisplayOneChar
  D:0080H         PUBLIC        P0
  D:0090H         PUBLIC        P1
  B:0080H.0       PUBLIC        LCM_E
  D:00A0H         PUBLIC        P2
  D:00B0H         PUBLIC        P3
  C:0420H         PUBLIC        _DisplayIntData
  B:00A8H.7       PUBLIC        EA
  C:089BH         PUBLIC        delay100us
  C:0816H         PUBLIC        _DisplayCursorPos
  D:0020H         PUBLIC        flag
  C:0738H         PUBLIC        main
  C:0633H         PUBLIC        TT
  C:07FFH         PUBLIC        _WriteCommandLCM
  C:07BAH         PUBLIC        _DelayMs
  D:0021H         PUBLIC        high_time
  D:0089H         PUBLIC        TMOD
  C:0003H         PUBLIC        init
  C:0518H         PUBLIC        tran
  B:0090H.0       PUBLIC        csb
  C:0890H         PUBLIC        _DelayUs
  D:0022H         PUBLIC        dis
  C:0830H         PUBLIC        _delay_nms
  C:086BH         SYMBOL        _?ix1000
  B:00A8H.3       PUBLIC        ET1
  D:008CH         PUBLIC        TH0
  B:00A8H.2       PUBLIC        EX1
  B:0088H.2       PUBLIC        IT1
  D:008AH         PUBLIC        TL0
  B:0088H.4       PUBLIC        TR0
  C:06F4H         PUBLIC        _DisplayCharData
  C:0883H         PUBLIC        ReadDataLCM
  B:0080H.2       PUBLIC        LCM_RS
  C:0846H         PUBLIC        ReadStatusLCM
  D:0024H         PUBLIC        low_time
  B:0080H.1       PUBLIC        LCM_RW
  C:0870H         PUBLIC        _WriteDataLCM
  C:06A5H         PUBLIC        LCMInit
  C:077BH         PUBLIC        _DisplayListChar
  -------         PROC          INIT
  C:0003H         LINE#         59
  C:0003H         LINE#         60
  C:0003H         LINE#         61
  C:0006H         LINE#         62
  C:0009H         LINE#         63
  C:000BH         LINE#         64
  C:000DH         LINE#         65
  C:000FH         LINE#         66
  -------         ENDPROC       INIT
  -------         PROC          _DELAY_NMS
  D:0006H         SYMBOL        n
  -------         DO            
  D:0005H         SYMBOL        i
  -------         ENDDO         
BL51 BANKED LINKER/LOCATER V6.15                                                      01/05/2011  01:35:38  PAGE 4


  C:0830H         LINE#         73
  C:0830H         LINE#         74
  C:0830H         LINE#         76
  C:083AH         LINE#         77
  C:083AH         LINE#         78
  C:0845H         LINE#         79
  C:0845H         LINE#         80
  -------         ENDPROC       _DELAY_NMS
  -------         PROC          DELAY100US
  -------         DO            
  D:0007H         SYMBOL        j
  -------         ENDDO         
  C:089BH         LINE#         84
  C:089BH         LINE#         85
  C:089BH         LINE#         87
  C:089FH         LINE#         88
  -------         ENDPROC       DELAY100US
  -------         PROC          TRAN
  -------         DO            
  D:0007H         SYMBOL        i
  D:000BH         SYMBOL        temp
  -------         ENDDO         
  C:0518H         LINE#         95
  C:0518H         LINE#         96
  C:0518H         LINE#         99
  C:051BH         LINE#         100
  C:051DH         LINE#         101
  C:051FH         LINE#         102
  C:0521H         LINE#         103
  C:0521H         LINE#         104
  C:0523H         LINE#         107
  C:0524H         LINE#         108
  C:0525H         LINE#         109
  C:0526H         LINE#         110
  C:0527H         LINE#         111
  C:0528H         LINE#         112
  C:0529H         LINE#         113
  C:052AH         LINE#         114
  C:052BH         LINE#         115
  C:052DH         LINE#         116
  C:052FH         LINE#         117
  C:0536H         LINE#         118
  C:0538H         LINE#         119
  C:053FH         LINE#         120
  C:0545H         LINE#         121
  C:0545H         LINE#         122
  C:055DH         LINE#         123
  C:0578H         LINE#         124
  C:058AH         LINE#         125
  C:059CH         LINE#         127
  C:05A3H         LINE#         128
  C:05A6H         LINE#         129
  C:05A6H         LINE#         131
  -------         ENDPROC       TRAN
  -------         PROC          TT
  -------         DO            
  D:0006H         SYMBOL        tmp
BL51 BANKED LINKER/LOCATER V6.15                                                      01/05/2011  01:35:38  PAGE 5


  -------         ENDDO         
  C:0633H         LINE#         138
  C:0650H         LINE#         141
  C:0652H         LINE#         142
  C:0654H         LINE#         144
  C:0662H         LINE#         145
  C:0679H         LINE#         146
  C:0679H         LINE#         147
  C:067CH         LINE#         148
  C:067FH         LINE#         149
  C:0682H         LINE#         150
  C:0684H         LINE#         152
  C:0684H         LINE#         153
  C:0687H         LINE#         154
  C:068AH         LINE#         155
  C:068AH         LINE#         156
  -------         ENDPROC       TT
  -------         PROC          MAIN
  -------         DO            
  D:0008H         SYMBOL        i
  D:0009H         SYMBOL        tp
  -------         ENDDO         
  C:0738H         LINE#         161
  C:0738H         LINE#         162
  C:0738H         LINE#         164
  C:073DH         LINE#         165
  C:0740H         LINE#         166
  C:0743H         LINE#         167
  C:074CH         LINE#         168
  C:0759H         LINE#         169
  C:0759H         LINE#         170
  C:0759H         LINE#         171
  C:075CH         LINE#         172
  C:075FH         LINE#         173
  C:075FH         LINE#         174
  C:0770H         LINE#         175
  -------         ENDPROC       MAIN
  -------         PROC          _DISPLAYINTDATA
  D:000BH         SYMBOL        X
  D:000CH         SYMBOL        Y
  D:000DH         SYMBOL        ZhengShu
  D:000FH         SYMBOL        Digit
  D:0010H         SYMBOL        XiaoShu
  -------         DO            
  D:0011H         SYMBOL        i
  D:0012H         SYMBOL        k
  D:0013H         SYMBOL        BCD
  -------         ENDDO         
  C:0420H         LINE#         182
  C:0428H         LINE#         183
  C:0428H         LINE#         184
  C:043EH         LINE#         185
  C:0448H         LINE#         186
  C:0451H         LINE#         187
  C:0451H         LINE#         188
  C:0454H         LINE#         189
  C:045FH         LINE#         190
BL51 BANKED LINKER/LOCATER V6.15                                                      01/05/2011  01:35:38  PAGE 6


  C:045FH         LINE#         191
  C:046CH         LINE#         192
  C:047BH         LINE#         193
  C:0488H         LINE#         194
  C:0497H         LINE#         195
  C:04A4H         LINE#         196
  C:04B3H         LINE#         197
  C:04C0H         LINE#         198
  C:04CDH         LINE#         200
  C:04D7H         LINE#         201
  C:04D7H         LINE#         202
  C:04E0H         LINE#         203
  C:04E0H         LINE#         204
  C:04EDH         LINE#         205
  C:04EFH         LINE#         206
  C:04EFH         LINE#         208
  C:0503H         LINE#         209
  C:0507H         LINE#         210
  C:050CH         LINE#         211
  C:0517H         LINE#         212
  -------         ENDPROC       _DISPLAYINTDATA
  -------         PROC          _DISPLAYCHARDATA
  D:001AH         SYMBOL        X
  D:001BH         SYMBOL        Y
  D:0003H         SYMBOL        ZiFu
  -------         DO            
  D:001CH         SYMBOL        i
  D:001DH         SYMBOL        ValueBCD
  -------         ENDDO         
  C:06F4H         LINE#         217
  C:06F8H         LINE#         218
  C:06F8H         LINE#         219
  C:06FBH         LINE#         221
  C:0702H         LINE#         222
  C:0709H         LINE#         223
  C:0710H         LINE#         224
  C:0718H         LINE#         226
  C:071BH         LINE#         227
  C:071BH         LINE#         228
  C:072EH         LINE#         229
  C:0737H         LINE#         230
  -------         ENDPROC       _DISPLAYCHARDATA
  -------         PROC          LCMINIT
  C:06A5H         LINE#         234
  C:06A5H         LINE#         235
  C:06A5H         LINE#         236
  C:06A8H         LINE#         237
  C:06AFH         LINE#         238
  C:06B2H         LINE#         239
  C:06BAH         LINE#         240
  C:06BDH         LINE#         241
  C:06C5H         LINE#         242
  C:06C8H         LINE#         243
  C:06CDH         LINE#         244
  C:06D2H         LINE#         245
  C:06DBH         LINE#         246
  C:06E4H         LINE#         247
BL51 BANKED LINKER/LOCATER V6.15                                                      01/05/2011  01:35:38  PAGE 7


  C:06EDH         LINE#         249
  -------         ENDPROC       LCMINIT
  -------         PROC          _DISPLAYCURSORPOS
  D:0007H         SYMBOL        X
  D:0006H         SYMBOL        Y
  C:0816H         LINE#         254
  C:0818H         LINE#         255
  C:0818H         LINE#         256
  C:081BH         LINE#         257
  C:081EH         LINE#         258
  C:0824H         LINE#         259
  C:0827H         LINE#         260
  -------         ENDPROC       _DISPLAYCURSORPOS
  -------         PROC          _DISPLAYLISTCHAR
  D:000BH         SYMBOL        X
  D:000CH         SYMBOL        Y
  D:000DH         SYMBOL        delayms
  D:000EH         SYMBOL        DData
  -------         DO            
  D:0010H         SYMBOL        ListLength
  -------         ENDDO         
  C:077BH         LINE#         266
  C:0781H         LINE#         267
  C:0781H         LINE#         270
  C:0784H         LINE#         272
  C:0787H         LINE#         273
  C:078AH         LINE#         274
  C:079AH         LINE#         275
  C:079AH         LINE#         276
  C:07A1H         LINE#         277
  C:07A1H         LINE#         278
  C:07A8H         LINE#         279
  C:07AAH         LINE#         280
  C:07ACH         LINE#         281
  C:07B3H         LINE#         282
  C:07B5H         LINE#         284
  C:07B5H         LINE#         285
  C:07B5H         LINE#         286
  -------         ENDPROC       _DISPLAYLISTCHAR
  -------         PROC          _DELAYUS
  D:0006H         SYMBOL        us
  C:0890H         LINE#         290
  C:0890H         LINE#         291
  C:0890H         LINE#         292
  C:089AH         LINE#         293
  -------         ENDPROC       _DELAYUS
  C:07B6H         SYMBOL        L?0070
  -------         PROC          L?0069
  -------         ENDPROC       L?0069
  C:07B6H         SYMBOL        L?0070
  -------         PROC          _DELAYMS
  D:0006H         SYMBOL        Ms
  -------         DO            
  D:0004H         SYMBOL        i
  D:0002H         SYMBOL        TempCyc
  -------         ENDDO         
  C:07BAH         LINE#         297
BL51 BANKED LINKER/LOCATER V6.15                                                      01/05/2011  01:35:38  PAGE 8


  C:07BAH         LINE#         298
  C:07BAH         LINE#         300
  C:07C4H         LINE#         301
  C:07C4H         LINE#         302
  C:07C8H         LINE#         303
  C:07D3H         LINE#         304
  C:07DAH         LINE#         305
  -------         ENDPROC       _DELAYMS
  -------         PROC          _WRITEDATALCM
  D:0019H         SYMBOL        WDLCM
  C:0870H         LINE#         309
  C:0872H         LINE#         310
  C:0872H         LINE#         311
  C:0875H         LINE#         312
  C:0878H         LINE#         313
  C:087AH         LINE#         314
  C:087CH         LINE#         315
  C:087EH         LINE#         316
  C:0880H         LINE#         317
  C:0882H         LINE#         318
  -------         ENDPROC       _WRITEDATALCM
  -------         PROC          L?0068
  -------         ENDPROC       L?0068
  -------         PROC          _WRITECOMMANDLCM
  D:0019H         SYMBOL        WCLCM
  D:0004H         SYMBOL        BuysC
  C:07FFH         LINE#         322
  C:0801H         LINE#         323
  C:0801H         LINE#         324
  C:0808H         LINE#         325
  C:080BH         LINE#         326
  C:080DH         LINE#         327
  C:080FH         LINE#         328
  C:0811H         LINE#         329
  C:0813H         LINE#         330
  C:0815H         LINE#         331
  -------         ENDPROC       _WRITECOMMANDLCM
  -------         PROC          READDATALCM
  C:0883H         LINE#         335
  C:0883H         LINE#         336
  C:0883H         LINE#         337
  C:0885H         LINE#         338
  C:0887H         LINE#         339
  C:0889H         LINE#         340
  C:088BH         LINE#         341
  C:088DH         LINE#         342
  C:088FH         LINE#         343
  -------         ENDPROC       READDATALCM
  -------         PROC          READSTATUSLCM
  C:0846H         LINE#         349
  C:0846H         LINE#         350
  C:0846H         LINE#         351
  C:0849H         LINE#         352
  C:084BH         LINE#         353
  C:084DH         LINE#         354
  C:084FH         LINE#         355
  C:0851H         LINE#         356
BL51 BANKED LINKER/LOCATER V6.15                                                      01/05/2011  01:35:38  PAGE 9


  C:0853H         LINE#         357
  C:0858H         LINE#         358
  C:085AH         LINE#         359
  -------         ENDPROC       READSTATUSLCM
  -------         PROC          _DISPLAYONECHAR
  D:0007H         SYMBOL        X
  D:0006H         SYMBOL        Y
  D:0018H         SYMBOL        ASCII
  C:07DBH         LINE#         364
  C:07DFH         LINE#         365
  C:07DFH         LINE#         366
  C:07E2H         LINE#         367
  C:07E5H         LINE#         368
  C:07EBH         LINE#         369
  C:07EEH         LINE#         370
  C:07F6H         LINE#         371
  -------         ENDPROC       _DISPLAYONECHAR
  -------         ENDMOD        MAIN

  -------         MODULE        ?C?FPMUL
  C:0016H         PUBLIC        ?C?FPMUL
  -------         ENDMOD        ?C?FPMUL

  -------         MODULE        ?C?FPDIV
  C:011FH         PUBLIC        ?C?FPDIV
  -------         ENDMOD        ?C?FPDIV

  -------         MODULE        ?C?FCAST
  C:01C6H         PUBLIC        ?C?FCASTC
  C:01C1H         PUBLIC        ?C?FCASTI
  C:01BCH         PUBLIC        ?C?FCASTL
  -------         ENDMOD        ?C?FCAST

  -------         MODULE        ?C?CASTF
  C:01FAH         PUBLIC        ?C?CASTF
  -------         ENDMOD        ?C?CASTF

  -------         MODULE        ?C?COPY
  C:034BH         PUBLIC        ?C?COPY
  -------         ENDMOD        ?C?COPY

  -------         MODULE        ?C?SIDIV
  C:0371H         PUBLIC        ?C?SIDIV
  -------         ENDMOD        ?C?SIDIV

  -------         MODULE        ?C?LNEG
  C:03A7H         PUBLIC        ?C?LNEG
  -------         ENDMOD        ?C?LNEG

  -------         MODULE        ?C?SLCMP
  C:03B5H         PUBLIC        ?C?SLCMP
  -------         ENDMOD        ?C?SLCMP

  -------         MODULE        ?C?UIDIV
  C:03CBH         PUBLIC        ?C?UIDIV
  -------         ENDMOD        ?C?UIDIV

BL51 BANKED LINKER/LOCATER V6.15                                                      01/05/2011  01:35:38  PAGE 10


*** WARNING L16: UNCALLED SEGMENT, IGNORED FOR OVERLAY PROCESS
    SEGMENT: ?PR?DELAY100US?MAIN

*** WARNING L16: UNCALLED SEGMENT, IGNORED FOR OVERLAY PROCESS
    SEGMENT: ?PR?_DISPLAYCHARDATA?MAIN

*** WARNING L16: UNCALLED SEGMENT, IGNORED FOR OVERLAY PROCESS
    SEGMENT: ?PR?_DISPLAYCURSORPOS?MAIN

*** WARNING L16: UNCALLED SEGMENT, IGNORED FOR OVERLAY PROCESS
    SEGMENT: ?PR?_DELAYUS?MAIN

*** WARNING L16: UNCALLED SEGMENT, IGNORED FOR OVERLAY PROCESS
    SEGMENT: ?PR?READDATALCM?MAIN

Program Size: data=38.0 xdata=0 code=2209
LINK/LOCATE RUN COMPLETE.  5 WARNING(S),  0 ERROR(S)
